#-----------------------------------------------------------
# Vivado v2025.2 (64-bit)
# SW Build 6299465 on Fri Nov 14 19:35:11 GMT 2025
# IP Build 6300035 on Fri Nov 14 10:48:45 MST 2025
# SharedData Build 6298862 on Thu Nov 13 04:50:51 MST 2025
# Start of session at: Mon Jun 15 15:03:04 2026
# Process ID         : 30736
# Current directory  : E:/FDUdata/ASCI/reaction_timer/reaction_timer.runs/synth_1
# Command line       : vivado.exe -log top.vds -product Vivado -mode batch -messageDb vivado.pb -notrace -source top.tcl
# Log file           : E:/FDUdata/ASCI/reaction_timer/reaction_timer.runs/synth_1/top.vds
# Journal file       : E:/FDUdata/ASCI/reaction_timer/reaction_timer.runs/synth_1\vivado.jou
# Running On         : LAPTOP-QDDEIPK8
# Platform           : Windows Server 2016 or Windows 10
# Operating System   : 26200
# Processor Detail   : 13th Gen Intel(R) Core(TM) i7-1360P
# CPU Frequency      : 2611 MHz
# CPU Physical cores : 12
# CPU Logical cores  : 16
# Host memory        : 16890 MB
# Swap memory        : 9663 MB
# Total Virtual      : 26554 MB
# Available Virtual  : 6491 MB
#-----------------------------------------------------------
source top.tcl -notrace
